../Core/Src/User/L2/Comm_Datalink.c:23:6:initialize_sensor_datalink	8	static
../Core/Src/User/L2/Comm_Datalink.c:28:6:initialize_hostPC_datalink	8	static
../Core/Src/User/L2/Comm_Datalink.c:35:13:sendStringSensor	32	static
../Core/Src/User/L2/Comm_Datalink.c:57:6:parse_sensor_message	120	static
../Core/Src/User/L2/Comm_Datalink.c:186:21:parse_hostPC_message	16	static
../Core/Src/User/L2/Comm_Datalink.c:210:6:send_sensorData_message	128	static
../Core/Src/User/L2/Comm_Datalink.c:253:6:send_sensorEnable_message	168	static
../Core/Src/User/L2/Comm_Datalink.c:292:6:send_sensorReset_message	64	static
../Core/Src/User/L2/Comm_Datalink.c:300:6:send_ack_message	72	static
